main.c:55:6:init_buffer	16	static
main.c:60:6:append_buffer	16	static
main.c:65:5:read_buffer	16	static
main.c:74:6:KB_Test	16	static
main.c:100:6:HAL_I2C_MemTxCpltCallback	16	static
main.c:106:6:HAL_I2C_MemRxCpltCallback	16	static
main.c:112:6:HAL_TIM_PeriodElapsedCallback	16	static
main.c:118:9:is_button_pressed	8	static
main.c:141:6:play_sound	16	static
main.c:146:6:__light_LED	24	static
main.c:170:6:init_LED	8	static
main.c:177:6:light_off	4	static
main.c:183:6:light_LED	16	static
main.c:248:6:select_next_playback_mode	16	static
main.c:263:6:select_next_game_speed	16	static
main.c:281:6:print_results	104	static
main.c:294:6:init_game_state	16	static
main.c:341:6:end_game	16	static
main.c:348:6:switch_game_mode	16	static
main.c:359:6:handle_game_key	32	static
main.c:370:6:print_key_description	16	static
main.c:375:6:handle_program_key	16	static
main.c:383:6:confirm_loop_sync	24	static
main.c:390:6:game_loop	24	static
main.c:416:6:init_state	16	static
main.c:425:6:handle_command	16	static
main.c:451:5:main	256	static
main.c:528:6:SystemClock_Config	88	static
main.c:575:6:Error_Handler	4	static
