main.c:70:6:display_str	24	static
main.c:79:9:is_button_pressed	8	static
main.c:83:6:transmit_msg	16	static
main.c:87:10:get_time	8	static
main.c:115:6:apply_edited_pass	32	static
main.c:125:6:reset_pass	24	static
main.c:130:6:cancel_edit	32	static
main.c:139:6:try_commit_edit	32	static
main.c:150:6:handle_input_edit	32	static
main.c:166:6:handle_edit_key	16	static
main.c:180:6:switch_to_edit	24	static
main.c:187:6:check_password	32	static
main.c:205:6:handle_input_unlock	40	static
main.c:224:6:handle_unlock_key	16	static
main.c:238:6:handle_command	16	static
main.c:249:6:KB_Test	40	static
main.c:278:5:main	72	static
main.c:342:6:SystemClock_Config	88	static
main.c:389:6:Error_Handler	4	static,ignoring_inline_asm
