main.c:122:6:blink_yellow	16	static
main.c:131:6:blink_red	16	static
main.c:140:6:light_red	8	static
main.c:148:6:light_green	8	static
main.c:155:6:send_msg	16	static
main.c:170:9:is_password_input_time_expired	16	static
main.c:175:6:read_input	24	static
main.c:216:6:HAL_UART_RxCpltCallback	16	static
main.c:221:6:HAL_UART_TxCpltCallback	16	static
main.c:226:12:input_type	16	static
main.c:243:6:init_password	16	static
main.c:254:6:reset_number_of_mistakes	16	static
main.c:259:6:process_password	24	static
main.c:271:6:finish_password_change	16	static
main.c:304:6:process_password_change	16	static
main.c:313:6:check_password	16	static
main.c:342:5:main	32	static
main.c:438:6:SystemClock_Config	88	static
main.c:481:6:Error_Handler	4	static,ignoring_inline_asm
