23:25:45 **** Incremental Build of configuration Debug for project lab1_gpio ****
make -j8 all 
arm-none-eabi-gcc "../Core/Src/main.c" -mcpu=cortex-m4 -std=gnu11 -g3 -DDEBUG -DUSE_HAL_DRIVER -DSTM32F427xx -c -I../Core/Inc -I../Drivers/STM32F4xx_HAL_Driver/Inc -I../Drivers/STM32F4xx_HAL_Driver/Inc/Legacy -I../Drivers/CMSIS/Device/ST/STM32F4xx/Include -I../Drivers/CMSIS/Include -O0 -ffunction-sections -fdata-sections -Wall -fstack-usage -MMD -MP -MF"Core/Src/main.d" -MT"Core/Src/main.o" --specs=nano.specs -mfpu=fpv4-sp-d16 -mfloat-abi=hard -mthumb -o "Core/Src/main.o"
arm-none-eabi-gcc -o "lab1_gpio.elf" @"objects.list"   -mcpu=cortex-m4 -T"/home/aleksey/STM32CubeIDE/workspace_1.7.0/lab1_gpio/STM32F427VITX_FLASH.ld" --specs=nosys.specs -Wl,-Map="lab1_gpio.map" -Wl,--gc-sections -static --specs=nano.specs -mfpu=fpv4-sp-d16 -mfloat-abi=hard -mthumb -Wl,--start-group -lc -lm -Wl,--end-group
Finished building target: lab1_gpio.elf
 
arm-none-eabi-size   lab1_gpio.elf 
arm-none-eabi-objdump -h -S  lab1_gpio.elf  > "lab1_gpio.list"
arm-none-eabi-objcopy  -O binary  lab1_gpio.elf  "lab1_gpio.bin"
   text	   data	    bss	    dec	    hex	filename
   6748	     20	   1572	   8340	   2094	lab1_gpio.elf
Finished building: default.size.stdout
 
Finished building: lab1_gpio.bin
 
Finished building: lab1_gpio.list
 
